2026-09-10 20:50:18 | INFO | ==========================================================
2026-09-10 20:50:18 | INFO | === ARDUPILOT CONTINUOUS AUTONOMOUS MISSION DAEMON ===
2026-09-10 20:50:18 | INFO | ==========================================================
2026-09-10 20:50:18 | INFO | Mission Parameters: Port=auto-discover, Baud=115200, TakeoffAlt=1.2m, DescentSpeed=0.15m/s, TouchdownSpeed=0.08m/s, Orbit=3.0m x 1.0 at 0.3m/s, HorizontalFence=3.0m, Geofence=DISABLED
2026-09-10 20:50:18 | INFO | Connecting to ArduPilot flight controller at /dev/serial/by-id/usb-ArduPilot_MicoAir743v2_300020001251333236353637-if00 (baud: 115200)...
2026-09-10 20:50:18 | INFO | Waiting for ArduPilot heartbeat...
2026-09-10 20:50:18 | INFO | Connected to ArduPilot! (System ID: 1, Component ID: 1)
2026-09-10 20:50:18 | INFO | Starting GCS heartbeat sender (1 Hz)...
2026-09-10 20:50:18 | INFO | Requesting telemetry message streams from ArduPilot...
2026-09-10 20:50:18 | WARNING | [CH8] No RC receiver data (chancount=0, raw=0). CH8 triggering is unavailable.
2026-09-10 20:50:18 | WARNING | Geofence DISABLED (CONFIGURE_FENCE=0) — writing FENCE_ENABLE=0. There is no automatic containment: the pilot is responsible for keeping the aircraft inside the test area, taking manual control on the transmitter if it drifts.
2026-09-10 20:50:18 | INFO | Configured ArduPilot parameter: LAND_SPEED = 20.0
2026-09-10 20:50:18 | INFO | Configured ArduPilot parameter: LAND_ALT_LOW = 150.0
2026-09-10 20:50:18 | INFO | Configured ArduPilot parameter: BATT_FS_LOW_ACT = 1.0
2026-09-10 20:50:18 | INFO | Configured ArduPilot parameter: BATT_FS_CRT_ACT = 1.0
2026-09-10 20:50:18 | INFO | Configured ArduPilot parameter: FS_THR_ENABLE = 3.0
2026-09-10 20:50:18 | INFO | Configured ArduPilot parameter: FS_GCS_ENABLE = 5.0
2026-09-10 20:50:18 | INFO | Configured ArduPilot parameter: FENCE_ENABLE = 0.0
2026-09-10 20:50:18 | INFO | Configured ArduPilot parameter: ARMING_CHECK = 1.0
2026-09-10 20:50:21 | INFO | ArduPilot Health: Mode=STABILIZE, Armed=False, AGL=0.00m (src=GLOBAL_POSITION_INT), GPS=Fix=3 (Sats: 15), EKF=FAIL, Batt=99% (0.00V), RC=NONE
2026-09-10 20:50:21 | WARNING | Flight controller reports NO RC receiver data (RC_CHANNELS chancount=0).
2026-09-10 20:50:21 | WARNING | Flight controller reports battery voltage 0.00V — no flight battery detected. The motors cannot run on USB power alone.
2026-09-10 20:50:21 | INFO | System initialized and READY in STANDBY mode.
2026-09-10 20:50:21 | INFO | Continuous flight supervisor active. Ready for flight triggers.
2026-09-10 20:50:21 | WARNING | No RC receiver data. CH8 triggering is unavailable; create /home/aahswarm/ardupilot_testing/START_MISSION to start a mission.
2026-09-10 20:50:21 | INFO | [SUPERVISOR] CH8 state: None -> NO_SIGNAL (Mode=STABILIZE, Armed=False, InAir=False, AGL=0.00m)
2026-09-10 20:50:21 | INFO | [STANDBY] Waiting for trigger file (/home/aahswarm/ardupilot_testing/START_MISSION)... (CH8=NO_SIGNAL, Mode=STABILIZE, Armed=False, Batt=99%, AGL=0.00m)
2026-09-10 20:50:36 | INFO | [AP STATUSTEXT] PreArm: RC not found
2026-09-10 20:50:36 | INFO | [AP STATUSTEXT] PreArm: Battery 1 below minimum arming voltage
2026-09-10 20:50:36 | INFO | [STANDBY] Waiting for trigger file (/home/aahswarm/ardupilot_testing/START_MISSION)... (CH8=NO_SIGNAL, Mode=STABILIZE, Armed=False, Batt=99%, AGL=0.00m)
2026-09-10 20:50:51 | INFO | [STANDBY] Waiting for trigger file (/home/aahswarm/ardupilot_testing/START_MISSION)... (CH8=NO_SIGNAL, Mode=STABILIZE, Armed=False, Batt=99%, AGL=0.00m)
2026-09-10 20:51:06 | INFO | [STANDBY] Waiting for trigger file (/home/aahswarm/ardupilot_testing/START_MISSION)... (CH8=NO_SIGNAL, Mode=STABILIZE, Armed=False, Batt=99%, AGL=0.00m)
2026-09-10 20:51:07 | INFO | [AP STATUSTEXT] PreArm: RC not found
2026-09-10 20:51:07 | INFO | [AP STATUSTEXT] PreArm: Battery 1 below minimum arming voltage
2026-09-10 20:51:21 | INFO | [STANDBY] Waiting for trigger file (/home/aahswarm/ardupilot_testing/START_MISSION)... (CH8=NO_SIGNAL, Mode=STABILIZE, Armed=False, Batt=99%, AGL=0.00m)
2026-09-10 20:51:36 | INFO | [STANDBY] Waiting for trigger file (/home/aahswarm/ardupilot_testing/START_MISSION)... (CH8=NO_SIGNAL, Mode=STABILIZE, Armed=False, Batt=99%, AGL=0.00m)
2026-09-10 20:51:37 | INFO | [AP STATUSTEXT] PreArm: RC not found
2026-09-10 20:51:37 | INFO | [AP STATUSTEXT] PreArm: Battery 1 below minimum arming voltage
2026-09-10 20:51:51 | INFO | [STANDBY] Waiting for trigger file (/home/aahswarm/ardupilot_testing/START_MISSION)... (CH8=NO_SIGNAL, Mode=STABILIZE, Armed=False, Batt=99%, AGL=0.00m)
2026-09-10 20:52:06 | INFO | [STANDBY] Waiting for trigger file (/home/aahswarm/ardupilot_testing/START_MISSION)... (CH8=NO_SIGNAL, Mode=STABILIZE, Armed=False, Batt=99%, AGL=0.00m)
2026-09-10 20:52:08 | INFO | [AP STATUSTEXT] PreArm: RC not found
2026-09-10 20:52:08 | INFO | [AP STATUSTEXT] PreArm: Battery 1 below minimum arming voltage
2026-09-10 20:52:21 | INFO | [STANDBY] Waiting for trigger file (/home/aahswarm/ardupilot_testing/START_MISSION)... (CH8=NO_SIGNAL, Mode=STABILIZE, Armed=False, Batt=99%, AGL=0.00m)
2026-09-10 20:52:36 | INFO | [STANDBY] Waiting for trigger file (/home/aahswarm/ardupilot_testing/START_MISSION)... (CH8=NO_SIGNAL, Mode=STABILIZE, Armed=False, Batt=99%, AGL=0.00m)
2026-09-10 20:52:39 | INFO | [AP STATUSTEXT] PreArm: RC not found
2026-09-10 20:52:39 | INFO | [AP STATUSTEXT] PreArm: Battery 1 below minimum arming voltage
2026-09-10 20:52:51 | INFO | [STANDBY] Waiting for trigger file (/home/aahswarm/ardupilot_testing/START_MISSION)... (CH8=NO_SIGNAL, Mode=STABILIZE, Armed=False, Batt=99%, AGL=0.00m)
2026-09-10 20:53:06 | INFO | [STANDBY] Waiting for trigger file (/home/aahswarm/ardupilot_testing/START_MISSION)... (CH8=NO_SIGNAL, Mode=STABILIZE, Armed=False, Batt=99%, AGL=0.00m)
2026-09-10 20:53:10 | INFO | [AP STATUSTEXT] PreArm: RC not found
2026-09-10 20:53:10 | INFO | [AP STATUSTEXT] PreArm: Battery 1 below minimum arming voltage
2026-09-10 20:53:21 | INFO | [STANDBY] Waiting for trigger file (/home/aahswarm/ardupilot_testing/START_MISSION)... (CH8=NO_SIGNAL, Mode=STABILIZE, Armed=False, Batt=99%, AGL=0.00m)
2026-09-10 20:53:36 | INFO | [STANDBY] Waiting for trigger file (/home/aahswarm/ardupilot_testing/START_MISSION)... (CH8=NO_SIGNAL, Mode=STABILIZE, Armed=False, Batt=99%, AGL=0.00m)
2026-09-10 20:53:40 | INFO | [AP STATUSTEXT] PreArm: RC not found
2026-09-10 20:53:40 | INFO | [AP STATUSTEXT] PreArm: Battery 1 below minimum arming voltage
2026-09-10 20:53:51 | INFO | [STANDBY] Waiting for trigger file (/home/aahswarm/ardupilot_testing/START_MISSION)... (CH8=NO_SIGNAL, Mode=STABILIZE, Armed=False, Batt=99%, AGL=0.00m)
2026-09-10 20:54:06 | INFO | [STANDBY] Waiting for trigger file (/home/aahswarm/ardupilot_testing/START_MISSION)... (CH8=NO_SIGNAL, Mode=STABILIZE, Armed=False, Batt=99%, AGL=0.00m)
2026-09-10 20:54:11 | INFO | [AP STATUSTEXT] PreArm: RC not found
2026-09-10 20:54:11 | INFO | [AP STATUSTEXT] PreArm: Battery 1 below minimum arming voltage
2026-09-10 20:54:21 | INFO | [STANDBY] Waiting for trigger file (/home/aahswarm/ardupilot_testing/START_MISSION)... (CH8=NO_SIGNAL, Mode=STABILIZE, Armed=False, Batt=99%, AGL=0.00m)
2026-09-10 20:54:36 | INFO | [STANDBY] Waiting for trigger file (/home/aahswarm/ardupilot_testing/START_MISSION)... (CH8=NO_SIGNAL, Mode=STABILIZE, Armed=False, Batt=99%, AGL=0.00m)
2026-09-10 20:54:42 | INFO | [AP STATUSTEXT] PreArm: RC not found
2026-09-10 20:54:42 | INFO | [AP STATUSTEXT] PreArm: Battery 1 below minimum arming voltage
2026-09-10 20:54:51 | INFO | [STANDBY] Waiting for trigger file (/home/aahswarm/ardupilot_testing/START_MISSION)... (CH8=NO_SIGNAL, Mode=STABILIZE, Armed=False, Batt=99%, AGL=0.00m)
2026-09-10 20:55:06 | INFO | [STANDBY] Waiting for trigger file (/home/aahswarm/ardupilot_testing/START_MISSION)... (CH8=NO_SIGNAL, Mode=STABILIZE, Armed=False, Batt=99%, AGL=0.00m)
2026-09-10 20:55:13 | INFO | [AP STATUSTEXT] PreArm: RC not found
2026-09-10 20:55:13 | INFO | [AP STATUSTEXT] PreArm: Battery 1 below minimum arming voltage
2026-09-10 20:55:21 | INFO | [STANDBY] Waiting for trigger file (/home/aahswarm/ardupilot_testing/START_MISSION)... (CH8=NO_SIGNAL, Mode=STABILIZE, Armed=False, Batt=99%, AGL=0.00m)
2026-09-10 20:55:36 | INFO | [STANDBY] Waiting for trigger file (/home/aahswarm/ardupilot_testing/START_MISSION)... (CH8=NO_SIGNAL, Mode=STABILIZE, Armed=False, Batt=99%, AGL=0.00m)
2026-09-10 20:55:44 | INFO | [AP STATUSTEXT] PreArm: RC not found
2026-09-10 20:55:44 | INFO | [AP STATUSTEXT] PreArm: Battery 1 below minimum arming voltage
2026-09-10 20:55:52 | INFO | [STANDBY] Waiting for trigger file (/home/aahswarm/ardupilot_testing/START_MISSION)... (CH8=NO_SIGNAL, Mode=STABILIZE, Armed=False, Batt=99%, AGL=0.00m)
2026-09-10 20:56:07 | INFO | [STANDBY] Waiting for trigger file (/home/aahswarm/ardupilot_testing/START_MISSION)... (CH8=NO_SIGNAL, Mode=STABILIZE, Armed=False, Batt=99%, AGL=0.00m)
2026-09-10 20:56:14 | INFO | [AP STATUSTEXT] PreArm: RC not found
2026-09-10 20:56:14 | INFO | [AP STATUSTEXT] PreArm: Battery 1 below minimum arming voltage
2026-09-10 20:56:22 | INFO | [STANDBY] Waiting for trigger file (/home/aahswarm/ardupilot_testing/START_MISSION)... (CH8=NO_SIGNAL, Mode=STABILIZE, Armed=False, Batt=99%, AGL=0.00m)
2026-09-10 20:56:37 | INFO | [STANDBY] Waiting for trigger file (/home/aahswarm/ardupilot_testing/START_MISSION)... (CH8=NO_SIGNAL, Mode=STABILIZE, Armed=False, Batt=99%, AGL=0.00m)
2026-09-10 20:56:45 | INFO | [AP STATUSTEXT] PreArm: RC not found
2026-09-10 20:56:45 | INFO | [AP STATUSTEXT] PreArm: Battery 1 below minimum arming voltage
2026-09-10 20:56:52 | INFO | [STANDBY] Waiting for trigger file (/home/aahswarm/ardupilot_testing/START_MISSION)... (CH8=NO_SIGNAL, Mode=STABILIZE, Armed=False, Batt=99%, AGL=0.00m)
2026-09-10 20:57:07 | INFO | [STANDBY] Waiting for trigger file (/home/aahswarm/ardupilot_testing/START_MISSION)... (CH8=NO_SIGNAL, Mode=STABILIZE, Armed=False, Batt=99%, AGL=0.00m)
2026-09-10 20:57:16 | INFO | [AP STATUSTEXT] PreArm: RC not found
2026-09-10 20:57:16 | INFO | [AP STATUSTEXT] PreArm: Battery 1 below minimum arming voltage
2026-09-10 20:57:22 | INFO | [STANDBY] Waiting for trigger file (/home/aahswarm/ardupilot_testing/START_MISSION)... (CH8=NO_SIGNAL, Mode=STABILIZE, Armed=False, Batt=99%, AGL=0.00m)
2026-09-10 20:57:37 | INFO | [STANDBY] Waiting for trigger file (/home/aahswarm/ardupilot_testing/START_MISSION)... (CH8=NO_SIGNAL, Mode=STABILIZE, Armed=False, Batt=99%, AGL=0.00m)
2026-09-10 20:57:47 | INFO | [AP STATUSTEXT] PreArm: RC not found
2026-09-10 20:57:47 | INFO | [AP STATUSTEXT] PreArm: Battery 1 below minimum arming voltage
2026-09-10 20:57:52 | INFO | [STANDBY] Waiting for trigger file (/home/aahswarm/ardupilot_testing/START_MISSION)... (CH8=NO_SIGNAL, Mode=STABILIZE, Armed=False, Batt=99%, AGL=0.00m)
2026-09-10 20:58:07 | INFO | [STANDBY] Waiting for trigger file (/home/aahswarm/ardupilot_testing/START_MISSION)... (CH8=NO_SIGNAL, Mode=STABILIZE, Armed=False, Batt=99%, AGL=0.00m)
2026-09-10 20:58:18 | INFO | [AP STATUSTEXT] PreArm: RC not found
2026-09-10 20:58:18 | INFO | [AP STATUSTEXT] PreArm: Battery 1 below minimum arming voltage
2026-09-10 20:58:22 | INFO | [STANDBY] Waiting for trigger file (/home/aahswarm/ardupilot_testing/START_MISSION)... (CH8=NO_SIGNAL, Mode=STABILIZE, Armed=False, Batt=99%, AGL=0.00m)
2026-09-10 20:58:37 | INFO | [STANDBY] Waiting for trigger file (/home/aahswarm/ardupilot_testing/START_MISSION)... (CH8=NO_SIGNAL, Mode=STABILIZE, Armed=False, Batt=99%, AGL=0.00m)
2026-09-10 20:58:49 | INFO | [AP STATUSTEXT] PreArm: RC not found
2026-09-10 20:58:49 | INFO | [AP STATUSTEXT] PreArm: Battery 1 below minimum arming voltage
2026-09-10 20:58:52 | INFO | [STANDBY] Waiting for trigger file (/home/aahswarm/ardupilot_testing/START_MISSION)... (CH8=NO_SIGNAL, Mode=STABILIZE, Armed=False, Batt=99%, AGL=0.00m)
2026-09-10 20:59:07 | INFO | [STANDBY] Waiting for trigger file (/home/aahswarm/ardupilot_testing/START_MISSION)... (CH8=NO_SIGNAL, Mode=STABILIZE, Armed=False, Batt=99%, AGL=0.00m)
2026-09-10 20:59:20 | INFO | [AP STATUSTEXT] PreArm: RC not found
2026-09-10 20:59:20 | INFO | [AP STATUSTEXT] PreArm: Battery 1 below minimum arming voltage
2026-09-10 20:59:22 | INFO | [STANDBY] Waiting for trigger file (/home/aahswarm/ardupilot_testing/START_MISSION)... (CH8=NO_SIGNAL, Mode=STABILIZE, Armed=False, Batt=99%, AGL=0.00m)
2026-09-10 20:59:37 | INFO | [STANDBY] Waiting for trigger file (/home/aahswarm/ardupilot_testing/START_MISSION)... (CH8=NO_SIGNAL, Mode=STABILIZE, Armed=False, Batt=99%, AGL=0.00m)
2026-09-10 20:59:49 | INFO | [AP STATUSTEXT] PreArm: RC not found
2026-09-10 20:59:49 | INFO | [AP STATUSTEXT] PreArm: Battery 1 below minimum arming voltage
2026-09-10 20:59:52 | INFO | [STANDBY] Waiting for trigger file (/home/aahswarm/ardupilot_testing/START_MISSION)... (CH8=NO_SIGNAL, Mode=STABILIZE, Armed=False, Batt=99%, AGL=0.00m)
2026-09-10 21:00:07 | INFO | [STANDBY] Waiting for trigger file (/home/aahswarm/ardupilot_testing/START_MISSION)... (CH8=NO_SIGNAL, Mode=STABILIZE, Armed=False, Batt=99%, AGL=0.00m)
2026-09-10 21:00:20 | INFO | [AP STATUSTEXT] PreArm: RC not found
2026-09-10 21:00:20 | INFO | [AP STATUSTEXT] PreArm: Battery 1 below minimum arming voltage
2026-09-10 21:00:22 | INFO | [STANDBY] Waiting for trigger file (/home/aahswarm/ardupilot_testing/START_MISSION)... (CH8=NO_SIGNAL, Mode=STABILIZE, Armed=False, Batt=99%, AGL=0.00m)
2026-09-10 21:00:37 | INFO | [STANDBY] Waiting for trigger file (/home/aahswarm/ardupilot_testing/START_MISSION)... (CH8=NO_SIGNAL, Mode=STABILIZE, Armed=False, Batt=99%, AGL=0.00m)
2026-09-10 21:00:50 | INFO | [AP STATUSTEXT] PreArm: RC not found
2026-09-10 21:00:50 | INFO | [AP STATUSTEXT] PreArm: Battery 1 below minimum arming voltage
2026-09-10 21:00:52 | INFO | [STANDBY] Waiting for trigger file (/home/aahswarm/ardupilot_testing/START_MISSION)... (CH8=NO_SIGNAL, Mode=STABILIZE, Armed=False, Batt=99%, AGL=0.00m)
2026-09-10 21:01:07 | INFO | [STANDBY] Waiting for trigger file (/home/aahswarm/ardupilot_testing/START_MISSION)... (CH8=NO_SIGNAL, Mode=STABILIZE, Armed=False, Batt=99%, AGL=0.00m)
2026-09-10 21:01:21 | INFO | [AP STATUSTEXT] PreArm: RC not found
2026-09-10 21:01:21 | INFO | [AP STATUSTEXT] PreArm: Battery 1 below minimum arming voltage
2026-09-10 21:01:22 | INFO | [STANDBY] Waiting for trigger file (/home/aahswarm/ardupilot_testing/START_MISSION)... (CH8=NO_SIGNAL, Mode=STABILIZE, Armed=False, Batt=99%, AGL=0.00m)
2026-09-10 21:01:37 | INFO | [STANDBY] Waiting for trigger file (/home/aahswarm/ardupilot_testing/START_MISSION)... (CH8=NO_SIGNAL, Mode=STABILIZE, Armed=False, Batt=99%, AGL=0.00m)
2026-09-10 21:01:51 | INFO | [AP STATUSTEXT] PreArm: RC not found
2026-09-10 21:01:51 | INFO | [AP STATUSTEXT] PreArm: Battery 1 below minimum arming voltage
2026-09-10 21:01:52 | INFO | [STANDBY] Waiting for trigger file (/home/aahswarm/ardupilot_testing/START_MISSION)... (CH8=NO_SIGNAL, Mode=STABILIZE, Armed=False, Batt=99%, AGL=0.00m)
2026-09-10 21:02:07 | INFO | [STANDBY] Waiting for trigger file (/home/aahswarm/ardupilot_testing/START_MISSION)... (CH8=NO_SIGNAL, Mode=STABILIZE, Armed=False, Batt=99%, AGL=0.00m)
2026-09-10 21:02:22 | INFO | [STANDBY] Waiting for trigger file (/home/aahswarm/ardupilot_testing/START_MISSION)... (CH8=NO_SIGNAL, Mode=STABILIZE, Armed=False, Batt=99%, AGL=0.00m)
2026-09-10 21:02:22 | INFO | [AP STATUSTEXT] PreArm: RC not found
2026-09-10 21:02:22 | INFO | [AP STATUSTEXT] PreArm: Battery 1 below minimum arming voltage
2026-09-10 21:02:37 | INFO | [STANDBY] Waiting for trigger file (/home/aahswarm/ardupilot_testing/START_MISSION)... (CH8=NO_SIGNAL, Mode=STABILIZE, Armed=False, Batt=99%, AGL=0.00m)
2026-09-10 21:02:52 | INFO | [STANDBY] Waiting for trigger file (/home/aahswarm/ardupilot_testing/START_MISSION)... (CH8=NO_SIGNAL, Mode=STABILIZE, Armed=False, Batt=99%, AGL=0.00m)
2026-09-10 21:02:53 | INFO | [AP STATUSTEXT] PreArm: RC not found
2026-09-10 21:02:53 | INFO | [AP STATUSTEXT] PreArm: Battery 1 below minimum arming voltage
2026-09-10 21:03:07 | INFO | [STANDBY] Waiting for trigger file (/home/aahswarm/ardupilot_testing/START_MISSION)... (CH8=NO_SIGNAL, Mode=STABILIZE, Armed=False, Batt=99%, AGL=0.00m)
2026-09-10 21:03:22 | INFO | [STANDBY] Waiting for trigger file (/home/aahswarm/ardupilot_testing/START_MISSION)... (CH8=NO_SIGNAL, Mode=STABILIZE, Armed=False, Batt=99%, AGL=0.00m)
2026-09-10 21:03:24 | INFO | [AP STATUSTEXT] PreArm: RC not found
2026-09-10 21:03:24 | INFO | [AP STATUSTEXT] PreArm: Battery 1 below minimum arming voltage
2026-09-10 21:03:37 | INFO | [STANDBY] Waiting for trigger file (/home/aahswarm/ardupilot_testing/START_MISSION)... (CH8=NO_SIGNAL, Mode=STABILIZE, Armed=False, Batt=99%, AGL=0.00m)
2026-09-10 21:03:52 | INFO | [STANDBY] Waiting for trigger file (/home/aahswarm/ardupilot_testing/START_MISSION)... (CH8=NO_SIGNAL, Mode=STABILIZE, Armed=False, Batt=99%, AGL=0.00m)
2026-09-10 21:03:55 | INFO | [AP STATUSTEXT] PreArm: RC not found
2026-09-10 21:03:55 | INFO | [AP STATUSTEXT] PreArm: Battery 1 below minimum arming voltage
2026-09-10 21:04:07 | INFO | [STANDBY] Waiting for trigger file (/home/aahswarm/ardupilot_testing/START_MISSION)... (CH8=NO_SIGNAL, Mode=STABILIZE, Armed=False, Batt=99%, AGL=0.00m)
2026-09-10 21:04:22 | INFO | [STANDBY] Waiting for trigger file (/home/aahswarm/ardupilot_testing/START_MISSION)... (CH8=NO_SIGNAL, Mode=STABILIZE, Armed=False, Batt=99%, AGL=0.00m)
2026-09-10 21:04:26 | INFO | [AP STATUSTEXT] PreArm: RC not found
2026-09-10 21:04:26 | INFO | [AP STATUSTEXT] PreArm: Battery 1 below minimum arming voltage
2026-09-10 21:04:37 | INFO | [STANDBY] Waiting for trigger file (/home/aahswarm/ardupilot_testing/START_MISSION)... (CH8=NO_SIGNAL, Mode=STABILIZE, Armed=False, Batt=99%, AGL=0.00m)
2026-09-10 21:04:52 | INFO | [STANDBY] Waiting for trigger file (/home/aahswarm/ardupilot_testing/START_MISSION)... (CH8=NO_SIGNAL, Mode=STABILIZE, Armed=False, Batt=99%, AGL=0.00m)
2026-09-10 21:04:56 | INFO | [AP STATUSTEXT] PreArm: RC not found
2026-09-10 21:04:56 | INFO | [AP STATUSTEXT] PreArm: Battery 1 below minimum arming voltage
2026-09-10 21:05:07 | INFO | [STANDBY] Waiting for trigger file (/home/aahswarm/ardupilot_testing/START_MISSION)... (CH8=NO_SIGNAL, Mode=STABILIZE, Armed=False, Batt=99%, AGL=0.00m)
2026-09-10 21:05:22 | INFO | [STANDBY] Waiting for trigger file (/home/aahswarm/ardupilot_testing/START_MISSION)... (CH8=NO_SIGNAL, Mode=STABILIZE, Armed=False, Batt=99%, AGL=0.00m)
2026-09-10 21:05:27 | INFO | [AP STATUSTEXT] PreArm: RC not found
2026-09-10 21:05:27 | INFO | [AP STATUSTEXT] PreArm: Battery 1 below minimum arming voltage
2026-09-10 21:05:37 | INFO | [STANDBY] Waiting for trigger file (/home/aahswarm/ardupilot_testing/START_MISSION)... (CH8=NO_SIGNAL, Mode=STABILIZE, Armed=False, Batt=99%, AGL=0.00m)
2026-09-10 21:05:52 | INFO | [STANDBY] Waiting for trigger file (/home/aahswarm/ardupilot_testing/START_MISSION)... (CH8=NO_SIGNAL, Mode=STABILIZE, Armed=False, Batt=99%, AGL=0.00m)
2026-09-10 21:05:58 | INFO | [AP STATUSTEXT] PreArm: RC not found
2026-09-10 21:05:58 | INFO | [AP STATUSTEXT] PreArm: Battery 1 below minimum arming voltage
2026-09-10 21:06:05 | INFO | Received exit signal 15. Finalizing video and exiting...
